Performing C++ SOURCE FILE Test LINKER_SUPPORTS_COLOR_DIAGNOSTICS failed with the following output:
Change Dir: /home/dgx/work/project/MLIR-Tutorial/build/CMakeFiles/CMakeTmp

Run Build Command(s):/usr/bin/ninja cmTC_28d4c && [1/2] Building CXX object CMakeFiles/cmTC_28d4c.dir/src.cxx.o
[2/2] Linking CXX executable cmTC_28d4c
FAILED: cmTC_28d4c 
: && /usr/bin/clang++ -fPIC -fno-semantic-interposition -fvisibility-inlines-hidden -Werror=date-time -Werror=unguarded-availability-new -Wall -Wextra -Wno-unused-parameter -Wwrite-strings -Wcast-qual -Wmissing-field-initializers -Wimplicit-fallthrough -Wcovered-switch-default -Wno-noexcept-type -Wnon-virtual-dtor -Wdelete-non-virtual-dtor -Wsuggest-override -Wstring-conversion -Wmisleading-indentation -Wctad-maybe-unsupported -fdiagnostics-color -Wl,--color-diagnostics CMakeFiles/cmTC_28d4c.dir/src.cxx.o -o cmTC_28d4c   && :
/usr/bin/ld: unrecognized option '--color-diagnostics'
/usr/bin/ld: use the --help option for usage information
clang: error: linker command failed with exit code 1 (use -v to see invocation)
ninja: build stopped: subcommand failed.


Source file was:
int main() { return 0; }
Determining if the os_signpost_interval_begin exist failed with the following output:
Change Dir: /home/dgx/work/project/MLIR-Tutorial/build/CMakeFiles/CMakeTmp

Run Build Command(s):/usr/bin/ninja cmTC_e1d09 && [1/2] Building C object CMakeFiles/cmTC_e1d09.dir/CheckSymbolExists.c.o
FAILED: CMakeFiles/cmTC_e1d09.dir/CheckSymbolExists.c.o 
/usr/bin/clang   -fPIC -fno-semantic-interposition  -Wall -Wextra -Wno-unused-parameter -Wwrite-strings -Wcast-qual -Wmissing-field-initializers -Wimplicit-fallthrough -Wcovered-switch-default -Wstring-conversion -Wmisleading-indentation -Wctad-maybe-unsupported -fdiagnostics-color -MD -MT CMakeFiles/cmTC_e1d09.dir/CheckSymbolExists.c.o -MF CMakeFiles/cmTC_e1d09.dir/CheckSymbolExists.c.o.d -o CMakeFiles/cmTC_e1d09.dir/CheckSymbolExists.c.o -c /home/dgx/work/project/MLIR-Tutorial/build/CMakeFiles/CMakeTmp/CheckSymbolExists.c
/home/dgx/work/project/MLIR-Tutorial/build/CMakeFiles/CMakeTmp/CheckSymbolExists.c:2:10: fatal error: 'os/signpost.h' file not found
#include <os/signpost.h>
         ^~~~~~~~~~~~~~~
1 error generated.
ninja: build stopped: subcommand failed.


File /home/dgx/work/project/MLIR-Tutorial/build/CMakeFiles/CMakeTmp/CheckSymbolExists.c:
/* */
#include <os/signpost.h>

int main(int argc, char** argv)
{
  (void)argv;
#ifndef os_signpost_interval_begin
  return ((int*)(&os_signpost_interval_begin))[argc];
#else
  (void)argc;
  return 0;
#endif
}
